17:48:21 **** Build of configuration Debug for project 01_LED ****
make -j20 all 
arm-none-eabi-gcc "../Core/Src/main.c" -mcpu=cortex-m4 -std=gnu11 -g3 -DDEBUG -DUSE_HAL_DRIVER -DSTM32F446xx -c -I../Core/Inc -I../Drivers/STM32F4xx_HAL_Driver/Inc -I../Drivers/STM32F4xx_HAL_Driver/Inc/Legacy -I../Drivers/CMSIS/Device/ST/STM32F4xx/Include -I../Drivers/CMSIS/Include -O0 -ffunction-sections -fdata-sections -Wall -fstack-usage -fcyclomatic-complexity -MMD -MP -MF"Core/Src/main.d" -MT"Core/Src/main.o" --specs=nano.specs -mfpu=fpv4-sp-d16 -mfloat-abi=hard -mthumb -o "Core/Src/main.o"
arm-none-eabi-gcc -o "01_LED.elf" @"objects.list"   -mcpu=cortex-m4 -T"D:\Hoang_Project\Years\2024\Workspace\STM32\Workspace\01_LED\STM32F446RETX_FLASH.ld" --specs=nosys.specs -Wl,-Map="01_LED.map" -Wl,--gc-sections -static --specs=nano.specs -mfpu=fpv4-sp-d16 -mfloat-abi=hard -mthumb -Wl,--start-group -lc -lm -Wl,--end-group
Finished building target: 01_LED.elf
 
arm-none-eabi-size  01_LED.elf 
arm-none-eabi-objdump -h -S 01_LED.elf  > "01_LED.list"
   text	   data	    bss	    dec	    hex	filename
    968	      4	   1572	   2544	    9f0	01_LED.elf
Finished building: default.size.stdout
 
Finished building: 01_LED.list
 

17:48:22 Build Finished. 0 errors, 0 warnings. (took 613ms)

