10:16:02 **** Incremental Build of configuration Debug for project 05_GPIO_Input ****
make -j20 all 
arm-none-eabi-gcc -o "05_GPIO_Input.elf" @"objects.list"   -mcpu=cortex-m4 -T"D:\Hoang_Project\Years\2024\Workspace\STM32\Workspace\05_GPIO_Input\STM32F446RETX_FLASH.ld" --specs=nosys.specs -Wl,-Map="05_GPIO_Input.map" -Wl,--gc-sections -static --specs=nano.specs -mfpu=fpv4-sp-d16 -mfloat-abi=hard -mthumb -Wl,--start-group -lc -lm -Wl,--end-group
Finished building target: 05_GPIO_Input.elf
 
arm-none-eabi-size  05_GPIO_Input.elf 
arm-none-eabi-objdump -h -S 05_GPIO_Input.elf  > "05_GPIO_Input.list"
   text	   data	    bss	    dec	    hex	filename
    824	      0	   1568	   2392	    958	05_GPIO_Input.elf
Finished building: default.size.stdout
 
Finished building: 05_GPIO_Input.list
 

10:16:02 Build Finished. 0 errors, 0 warnings. (took 404ms)

