15:49:02 **** Incremental Build of configuration Debug for project voltage ****
make -j20 all 
arm-none-eabi-gcc "../Core/Src/main.c" -mcpu=cortex-m4 -std=gnu11 -g3 -DDEBUG -DUSE_HAL_DRIVER -DSTM32F446xx -c -I../Core/Inc -I../Drivers/STM32F4xx_HAL_Driver/Inc -I../Drivers/STM32F4xx_HAL_Driver/Inc/Legacy -I../Drivers/CMSIS/Device/ST/STM32F4xx/Include -I../Drivers/CMSIS/Include -O0 -ffunction-sections -fdata-sections -Wall -fstack-usage -fcyclomatic-complexity -MMD -MP -MF"Core/Src/main.d" -MT"Core/Src/main.o" --specs=nano.specs -mfpu=fpv4-sp-d16 -mfloat-abi=hard -mthumb -o "Core/Src/main.o"
arm-none-eabi-gcc -o "voltage.elf" @"objects.list"   -mcpu=cortex-m4 -T"D:\Hoang_Project\Years\2024\Workspace\STM32\Workspace\voltage\STM32F446RETX_FLASH.ld" --specs=nosys.specs -Wl,-Map="voltage.map" -Wl,--gc-sections -static --specs=nano.specs -mfpu=fpv4-sp-d16 -mfloat-abi=hard -mthumb -Wl,--start-group -lc -lm -Wl,--end-group
Finished building target: voltage.elf
 
arm-none-eabi-size  voltage.elf 
arm-none-eabi-objdump -h -S voltage.elf  > "voltage.list"
   text	   data	    bss	    dec	    hex	filename
  13760	     12	   1756	  15528	   3ca8	voltage.elf
Finished building: default.size.stdout
 
Finished building: voltage.list
 

15:49:03 Build Finished. 0 errors, 0 warnings. (took 661ms)

